[  6667][08:57:52:367834][error ] [A][Stream 0x6d77690][Upstream 6618148096B][FAILURE maximum pool size exceeded: Not enough room to grow, current/max/try size = 10.000000 GiB, 16.000000 GiB, 6.163631 GiB]
Traceback (most recent call last):
  File "/home/ubuntu/parquet-experiment/bench.py", line 109, in <module>
    sums = [x + y for x, y in zip(sums, scan(files[offset:offset+a.batch]))]
                                        ^^^^^^^^^^^^^^^^^^^^^^^^^^^^^^^^^^
  File "/home/ubuntu/parquet-experiment/bench.py", line 80, in scan
    table = cudf.read_parquet([str(f) for f in paths])
            ^^^^^^^^^^^^^^^^^^^^^^^^^^^^^^^^^^^^^^^^^^
  File "/home/ubuntu/parquet-venv/lib/python3.12/site-packages/cudf/io/parquet.py", line 1099, in read_parquet
    df = _parquet_to_frame(
         ^^^^^^^^^^^^^^^^^^
  File "/home/ubuntu/parquet-venv/lib/python3.12/site-packages/cudf/io/parquet.py", line 1266, in _parquet_to_frame
    return _read_parquet(
           ^^^^^^^^^^^^^^
  File "/home/ubuntu/parquet-venv/lib/python3.12/site-packages/cudf/io/parquet.py", line 1485, in _read_parquet
    tbl_w_meta = plc.io.parquet.read_parquet(options)
                 ^^^^^^^^^^^^^^^^^^^^^^^^^^^^^^^^^^^^
  File "pylibcudf/io/parquet.pyx", line 647, in pylibcudf.io.parquet.read_parquet
  File "pylibcudf/io/parquet.pyx", line 681, in pylibcudf.io.parquet.read_parquet
MemoryError: std::bad_alloc: out_of_memory: RMM failure at:/__w/rmm/rmm/cpp/src/mr/detail/pool_memory_resource_impl.cpp:71: Maximum pool size exceeded (failed to allocate 6.163631 GiB): Not enough room to grow, current/max/try size = 10.000000 GiB, 16.000000 GiB, 6.163631 GiB
