Collecting cachetools==7.1.8 (from -r ../2026-09-08-parquet-ssd/results/environment/requirements.freeze.txt (line 1))
  Downloading cachetools-7.1.8-py3-none-any.whl.metadata (5.5 kB)
Collecting cuda-bindings==13.3.1 (from -r ../2026-09-08-parquet-ssd/results/environment/requirements.freeze.txt (line 2))
  Downloading cuda_bindings-13.3.1-cp312-cp312-manylinux_2_24_x86_64.manylinux_2_28_x86_64.whl.metadata (2.5 kB)
Collecting cuda-core==1.2.0 (from -r ../2026-09-08-parquet-ssd/results/environment/requirements.freeze.txt (line 3))
  Downloading cuda_core-1.2.0-cp312-cp312-manylinux_2_24_x86_64.manylinux_2_28_x86_64.whl.metadata (3.3 kB)
Collecting cuda-pathfinder==1.8.1 (from -r ../2026-09-08-parquet-ssd/results/environment/requirements.freeze.txt (line 4))
  Downloading cuda_pathfinder-1.8.1-py3-none-any.whl.metadata (1.9 kB)
Collecting cuda-toolkit==13.3.1 (from -r ../2026-09-08-parquet-ssd/results/environment/requirements.freeze.txt (line 5))
  Downloading cuda_toolkit-13.3.1-py2.py3-none-any.whl.metadata (20 kB)
Collecting cudf-cu13==26.8.1 (from -r ../2026-09-08-parquet-ssd/results/environment/requirements.freeze.txt (line 6))
  Downloading cudf_cu13-26.8.1-cp311-abi3-manylinux_2_24_x86_64.manylinux_2_28_x86_64.whl.metadata (8.0 kB)
Collecting cupy-cuda13x==14.2.0 (from -r ../2026-09-08-parquet-ssd/results/environment/requirements.freeze.txt (line 7))
  Downloading cupy_cuda13x-14.2.0-cp312-cp312-manylinux2014_x86_64.whl.metadata (2.8 kB)
Collecting fsspec==2026.7.0 (from -r ../2026-09-08-parquet-ssd/results/environment/requirements.freeze.txt (line 8))
  Downloading fsspec-2026.7.0-py3-none-any.whl.metadata (10 kB)
Collecting kvikio-cu13==26.8.0 (from -r ../2026-09-08-parquet-ssd/results/environment/requirements.freeze.txt (line 9))
  Downloading kvikio_cu13-26.8.0-cp311-abi3-manylinux_2_24_x86_64.manylinux_2_28_x86_64.whl.metadata (4.5 kB)
Collecting libcudf-cu13==26.8.1 (from -r ../2026-09-08-parquet-ssd/results/environment/requirements.freeze.txt (line 10))
  Downloading libcudf_cu13-26.8.1-py3-none-manylinux_2_27_x86_64.manylinux_2_28_x86_64.whl.metadata (5.7 kB)
Collecting libkvikio-cu13==26.8.0 (from -r ../2026-09-08-parquet-ssd/results/environment/requirements.freeze.txt (line 11))
  Downloading libkvikio_cu13-26.8.0-py3-none-manylinux_2_28_x86_64.whl.metadata (3.7 kB)
Collecting librmm-cu13==26.8.0 (from -r ../2026-09-08-parquet-ssd/results/environment/requirements.freeze.txt (line 12))
  Downloading librmm_cu13-26.8.0-py3-none-manylinux_2_24_x86_64.manylinux_2_28_x86_64.whl.metadata (36 kB)
Collecting llvmlite==0.46.0 (from -r ../2026-09-08-parquet-ssd/results/environment/requirements.freeze.txt (line 13))
  Downloading llvmlite-0.46.0-cp312-cp312-manylinux2014_x86_64.manylinux_2_17_x86_64.whl.metadata (5.0 kB)
Collecting markdown-it-py==4.2.0 (from -r ../2026-09-08-parquet-ssd/results/environment/requirements.freeze.txt (line 14))
  Downloading markdown_it_py-4.2.0-py3-none-any.whl.metadata (7.4 kB)
Collecting mdurl==0.1.2 (from -r ../2026-09-08-parquet-ssd/results/environment/requirements.freeze.txt (line 15))
  Downloading mdurl-0.1.2-py3-none-any.whl.metadata (1.6 kB)
Collecting numba==0.64.0 (from -r ../2026-09-08-parquet-ssd/results/environment/requirements.freeze.txt (line 16))
  Downloading numba-0.64.0-cp312-cp312-manylinux2014_x86_64.manylinux_2_17_x86_64.whl.metadata (2.9 kB)
Collecting numba-cuda==0.30.4 (from -r ../2026-09-08-parquet-ssd/results/environment/requirements.freeze.txt (line 17))
  Downloading numba_cuda-0.30.4-cp312-cp312-manylinux_2_24_x86_64.manylinux_2_28_x86_64.whl.metadata (3.8 kB)
Collecting numba_cuda_mlir==0.5.1 (from -r ../2026-09-08-parquet-ssd/results/environment/requirements.freeze.txt (line 18))
  Downloading numba_cuda_mlir-0.5.1-cp312-cp312-manylinux_2_27_x86_64.manylinux_2_28_x86_64.whl.metadata (4.9 kB)
Collecting numpy==2.4.6 (from -r ../2026-09-08-parquet-ssd/results/environment/requirements.freeze.txt (line 19))
  Downloading numpy-2.4.6-cp312-cp312-manylinux_2_27_x86_64.manylinux_2_28_x86_64.whl.metadata (6.6 kB)
Collecting nvidia-cublas==13.6.0.2 (from -r ../2026-09-08-parquet-ssd/results/environment/requirements.freeze.txt (line 20))
  Downloading nvidia_cublas-13.6.0.2-py3-none-manylinux_2_27_x86_64.whl.metadata (1.8 kB)
Collecting nvidia-cuda-cccl==13.3.3.4.1 (from -r ../2026-09-08-parquet-ssd/results/environment/requirements.freeze.txt (line 21))
  Downloading nvidia_cuda_cccl-13.3.3.4.1-py3-none-manylinux2014_x86_64.manylinux_2_17_x86_64.whl.metadata (1.7 kB)
Collecting nvidia-cuda-crt==13.3.73 (from -r ../2026-09-08-parquet-ssd/results/environment/requirements.freeze.txt (line 22))
  Downloading nvidia_cuda_crt-13.3.73-py3-none-manylinux2014_x86_64.manylinux_2_17_x86_64.whl.metadata (1.7 kB)
Collecting nvidia-cuda-nvcc==13.3.73 (from -r ../2026-09-08-parquet-ssd/results/environment/requirements.freeze.txt (line 23))
  Downloading nvidia_cuda_nvcc-13.3.73-py3-none-manylinux2014_x86_64.manylinux_2_17_x86_64.whl.metadata (1.9 kB)
Collecting nvidia-cuda-nvrtc==13.3.33 (from -r ../2026-09-08-parquet-ssd/results/environment/requirements.freeze.txt (line 24))
  Downloading nvidia_cuda_nvrtc-13.3.33-py3-none-manylinux2010_x86_64.manylinux_2_12_x86_64.whl.metadata (1.8 kB)
Collecting nvidia-cuda-runtime==13.3.29 (from -r ../2026-09-08-parquet-ssd/results/environment/requirements.freeze.txt (line 25))
  Downloading nvidia_cuda_runtime-13.3.29-py3-none-manylinux2014_x86_64.manylinux_2_17_x86_64.whl.metadata (1.8 kB)
Collecting nvidia-cufft==12.3.0.29 (from -r ../2026-09-08-parquet-ssd/results/environment/requirements.freeze.txt (line 26))
  Downloading nvidia_cufft-12.3.0.29-py3-none-manylinux2014_x86_64.manylinux_2_17_x86_64.whl.metadata (1.8 kB)
Collecting nvidia-cufile==1.18.1.6 (from -r ../2026-09-08-parquet-ssd/results/environment/requirements.freeze.txt (line 27))
  Downloading nvidia_cufile-1.18.1.6-py3-none-manylinux_2_27_x86_64.whl.metadata (1.8 kB)
Collecting nvidia-curand==10.4.3.29 (from -r ../2026-09-08-parquet-ssd/results/environment/requirements.freeze.txt (line 28))
  Downloading nvidia_curand-10.4.3.29-py3-none-manylinux_2_27_x86_64.whl.metadata (1.8 kB)
Collecting nvidia-cusolver==12.2.6.9 (from -r ../2026-09-08-parquet-ssd/results/environment/requirements.freeze.txt (line 29))
  Downloading nvidia_cusolver-12.2.6.9-py3-none-manylinux_2_27_x86_64.whl.metadata (1.9 kB)
Collecting nvidia-cusparse==12.8.2.51 (from -r ../2026-09-08-parquet-ssd/results/environment/requirements.freeze.txt (line 30))
  Downloading nvidia_cusparse-12.8.2.51-py3-none-manylinux2014_x86_64.manylinux_2_17_x86_64.whl.metadata (1.8 kB)
Collecting nvidia-libnvcomp-cu13==5.3.0.16 (from -r ../2026-09-08-parquet-ssd/results/environment/requirements.freeze.txt (line 31))
  Downloading nvidia_libnvcomp_cu13-5.3.0.16-py3-none-manylinux_2_27_x86_64.manylinux_2_28_x86_64.whl.metadata (718 bytes)
Collecting nvidia-nvjitlink==13.3.33 (from -r ../2026-09-08-parquet-ssd/results/environment/requirements.freeze.txt (line 32))
  Downloading nvidia_nvjitlink-13.3.33-py3-none-manylinux2010_x86_64.manylinux_2_12_x86_64.whl.metadata (1.8 kB)
Collecting nvidia-nvvm==13.3.73 (from -r ../2026-09-08-parquet-ssd/results/environment/requirements.freeze.txt (line 33))
  Downloading nvidia_nvvm-13.3.73-py3-none-manylinux2010_x86_64.manylinux_2_12_x86_64.whl.metadata (1.7 kB)
Collecting nvtx==0.2.16 (from -r ../2026-09-08-parquet-ssd/results/environment/requirements.freeze.txt (line 34))
  Downloading nvtx-0.2.16-cp312-cp312-manylinux2014_x86_64.manylinux_2_17_x86_64.manylinux_2_28_x86_64.whl.metadata (3.0 kB)
Collecting packaging==26.3 (from -r ../2026-09-08-parquet-ssd/results/environment/requirements.freeze.txt (line 35))
  Downloading packaging-26.3-py3-none-any.whl.metadata (3.5 kB)
Collecting pandas==3.0.3 (from -r ../2026-09-08-parquet-ssd/results/environment/requirements.freeze.txt (line 36))
  Downloading pandas-3.0.3-cp312-cp312-manylinux_2_24_x86_64.manylinux_2_28_x86_64.whl.metadata (79 kB)
     ━━━━━━━━━━━━━━━━━━━━━━━━━━━━━━━━━━━━━━━━ 79.5/79.5 kB 5.2 MB/s eta 0:00:00
Collecting pyarrow==23.0.1 (from -r ../2026-09-08-parquet-ssd/results/environment/requirements.freeze.txt (line 37))
  Downloading pyarrow-23.0.1-cp312-cp312-manylinux_2_28_x86_64.whl.metadata (3.1 kB)
Collecting Pygments==2.21.0 (from -r ../2026-09-08-parquet-ssd/results/environment/requirements.freeze.txt (line 38))
  Downloading pygments-2.21.0-py3-none-any.whl.metadata (2.5 kB)
Collecting pylibcudf-cu13==26.8.1 (from -r ../2026-09-08-parquet-ssd/results/environment/requirements.freeze.txt (line 39))
  Downloading pylibcudf_cu13-26.8.1-cp311-abi3-manylinux_2_24_x86_64.manylinux_2_28_x86_64.whl.metadata (6.7 kB)
Collecting python-dateutil==2.9.0.post0 (from -r ../2026-09-08-parquet-ssd/results/environment/requirements.freeze.txt (line 40))
  Downloading python_dateutil-2.9.0.post0-py2.py3-none-any.whl.metadata (8.4 kB)
Collecting rapids-logger==0.2.3 (from -r ../2026-09-08-parquet-ssd/results/environment/requirements.freeze.txt (line 41))
  Downloading rapids_logger-0.2.3-py3-none-manylinux_2_27_x86_64.manylinux_2_28_x86_64.whl.metadata (5.1 kB)
Collecting rich==15.0.0 (from -r ../2026-09-08-parquet-ssd/results/environment/requirements.freeze.txt (line 42))
  Downloading rich-15.0.0-py3-none-any.whl.metadata (18 kB)
Collecting rmm-cu13==26.8.0 (from -r ../2026-09-08-parquet-ssd/results/environment/requirements.freeze.txt (line 43))
  Downloading rmm_cu13-26.8.0-cp311-abi3-manylinux_2_24_x86_64.manylinux_2_28_x86_64.whl.metadata (37 kB)
Collecting six==1.17.0 (from -r ../2026-09-08-parquet-ssd/results/environment/requirements.freeze.txt (line 44))
  Downloading six-1.17.0-py2.py3-none-any.whl.metadata (1.7 kB)
Downloading cachetools-7.1.8-py3-none-any.whl (16 kB)
Downloading cuda_bindings-13.3.1-cp312-cp312-manylinux_2_24_x86_64.manylinux_2_28_x86_64.whl (6.7 MB)
   ━━━━━━━━━━━━━━━━━━━━━━━━━━━━━━━━━━━━━━━━ 6.7/6.7 MB 60.1 MB/s eta 0:00:00
Downloading cuda_core-1.2.0-cp312-cp312-manylinux_2_24_x86_64.manylinux_2_28_x86_64.whl (6.6 MB)
   ━━━━━━━━━━━━━━━━━━━━━━━━━━━━━━━━━━━━━━━━ 6.6/6.6 MB 146.6 MB/s eta 0:00:00
Downloading cuda_pathfinder-1.8.1-py3-none-any.whl (62 kB)
   ━━━━━━━━━━━━━━━━━━━━━━━━━━━━━━━━━━━━━━━━ 62.6/62.6 kB 9.4 MB/s eta 0:00:00
Downloading cuda_toolkit-13.3.1-py2.py3-none-any.whl (2.7 kB)
Downloading cudf_cu13-26.8.1-cp311-abi3-manylinux_2_24_x86_64.manylinux_2_28_x86_64.whl (2.2 MB)
   ━━━━━━━━━━━━━━━━━━━━━━━━━━━━━━━━━━━━━━━━ 2.2/2.2 MB 96.9 MB/s eta 0:00:00
Downloading cupy_cuda13x-14.2.0-cp312-cp312-manylinux2014_x86_64.whl (69.4 MB)
   ━━━━━━━━━━━━━━━━━━━━━━━━━━━━━━━━━━━━━━━━ 69.4/69.4 MB 43.2 MB/s eta 0:00:00
Downloading fsspec-2026.7.0-py3-none-any.whl (206 kB)
   ━━━━━━━━━━━━━━━━━━━━━━━━━━━━━━━━━━━━━━━━ 206.6/206.6 kB 27.7 MB/s eta 0:00:00
Downloading kvikio_cu13-26.8.0-cp311-abi3-manylinux_2_24_x86_64.manylinux_2_28_x86_64.whl (636 kB)
   ━━━━━━━━━━━━━━━━━━━━━━━━━━━━━━━━━━━━━━━━ 636.3/636.3 kB 72.2 MB/s eta 0:00:00
Downloading libcudf_cu13-26.8.1-py3-none-manylinux_2_27_x86_64.manylinux_2_28_x86_64.whl (314.5 MB)
   ━━━━━━━━━━━━━━━━━━━━━━━━━━━━━━━━━━━━━━━━ 314.5/314.5 MB 5.9 MB/s eta 0:00:00
Downloading libkvikio_cu13-26.8.0-py3-none-manylinux_2_28_x86_64.whl (2.9 MB)
   ━━━━━━━━━━━━━━━━━━━━━━━━━━━━━━━━━━━━━━━━ 2.9/2.9 MB 105.9 MB/s eta 0:00:00
Downloading librmm_cu13-26.8.0-py3-none-manylinux_2_24_x86_64.manylinux_2_28_x86_64.whl (4.5 MB)
   ━━━━━━━━━━━━━━━━━━━━━━━━━━━━━━━━━━━━━━━━ 4.5/4.5 MB 86.8 MB/s eta 0:00:00
Downloading llvmlite-0.46.0-cp312-cp312-manylinux2014_x86_64.manylinux_2_17_x86_64.whl (56.3 MB)
   ━━━━━━━━━━━━━━━━━━━━━━━━━━━━━━━━━━━━━━━━ 56.3/56.3 MB 35.5 MB/s eta 0:00:00
Downloading markdown_it_py-4.2.0-py3-none-any.whl (91 kB)
   ━━━━━━━━━━━━━━━━━━━━━━━━━━━━━━━━━━━━━━━━ 91.7/91.7 kB 15.5 MB/s eta 0:00:00
Downloading mdurl-0.1.2-py3-none-any.whl (10.0 kB)
Downloading numba-0.64.0-cp312-cp312-manylinux2014_x86_64.manylinux_2_17_x86_64.whl (3.8 MB)
   ━━━━━━━━━━━━━━━━━━━━━━━━━━━━━━━━━━━━━━━━ 3.8/3.8 MB 152.9 MB/s eta 0:00:00
Downloading numba_cuda-0.30.4-cp312-cp312-manylinux_2_24_x86_64.manylinux_2_28_x86_64.whl (1.9 MB)
   ━━━━━━━━━━━━━━━━━━━━━━━━━━━━━━━━━━━━━━━━ 1.9/1.9 MB 107.6 MB/s eta 0:00:00
Downloading numba_cuda_mlir-0.5.1-cp312-cp312-manylinux_2_27_x86_64.manylinux_2_28_x86_64.whl (71.1 MB)
   ━━━━━━━━━━━━━━━━━━━━━━━━━━━━━━━━━━━━━━━━ 71.1/71.1 MB 31.4 MB/s eta 0:00:00
Downloading numpy-2.4.6-cp312-cp312-manylinux_2_27_x86_64.manylinux_2_28_x86_64.whl (16.6 MB)
   ━━━━━━━━━━━━━━━━━━━━━━━━━━━━━━━━━━━━━━━━ 16.6/16.6 MB 101.1 MB/s eta 0:00:00
Downloading nvidia_cublas-13.6.0.2-py3-none-manylinux_2_27_x86_64.whl (410.5 MB)
   ━━━━━━━━━━━━━━━━━━━━━━━━━━━━━━━━━━━━━━━━ 410.5/410.5 MB 4.1 MB/s eta 0:00:00
Downloading nvidia_cuda_cccl-13.3.3.4.1-py3-none-manylinux2014_x86_64.manylinux_2_17_x86_64.whl (3.5 MB)
   ━━━━━━━━━━━━━━━━━━━━━━━━━━━━━━━━━━━━━━━━ 3.5/3.5 MB 51.6 MB/s eta 0:00:00
Downloading nvidia_cuda_crt-13.3.73-py3-none-manylinux2014_x86_64.manylinux_2_17_x86_64.whl (157 kB)
   ━━━━━━━━━━━━━━━━━━━━━━━━━━━━━━━━━━━━━━━━ 157.4/157.4 kB 16.4 MB/s eta 0:00:00
Downloading nvidia_cuda_nvcc-13.3.73-py3-none-manylinux2014_x86_64.manylinux_2_17_x86_64.whl (44.9 MB)
   ━━━━━━━━━━━━━━━━━━━━━━━━━━━━━━━━━━━━━━━━ 44.9/44.9 MB 29.7 MB/s eta 0:00:00
Downloading nvidia_cuda_nvrtc-13.3.33-py3-none-manylinux2010_x86_64.manylinux_2_12_x86_64.whl (51.1 MB)
   ━━━━━━━━━━━━━━━━━━━━━━━━━━━━━━━━━━━━━━━━ 51.1/51.1 MB 34.1 MB/s eta 0:00:00
Downloading nvidia_cuda_runtime-13.3.29-py3-none-manylinux2014_x86_64.manylinux_2_17_x86_64.whl (2.3 MB)
   ━━━━━━━━━━━━━━━━━━━━━━━━━━━━━━━━━━━━━━━━ 2.3/2.3 MB 129.8 MB/s eta 0:00:00
Downloading nvidia_cufft-12.3.0.29-py3-none-manylinux2014_x86_64.manylinux_2_17_x86_64.whl (184.7 MB)
   ━━━━━━━━━━━━━━━━━━━━━━━━━━━━━━━━━━━━━━━━ 184.7/184.7 MB 16.6 MB/s eta 0:00:00
Downloading nvidia_cufile-1.18.1.6-py3-none-manylinux_2_27_x86_64.whl (1.4 MB)
   ━━━━━━━━━━━━━━━━━━━━━━━━━━━━━━━━━━━━━━━━ 1.4/1.4 MB 45.1 MB/s eta 0:00:00
Downloading nvidia_curand-10.4.3.29-py3-none-manylinux_2_27_x86_64.whl (60.0 MB)
   ━━━━━━━━━━━━━━━━━━━━━━━━━━━━━━━━━━━━━━━━ 60.0/60.0 MB 49.9 MB/s eta 0:00:00
Downloading nvidia_cusolver-12.2.6.9-py3-none-manylinux_2_27_x86_64.whl (244.7 MB)
   ━━━━━━━━━━━━━━━━━━━━━━━━━━━━━━━━━━━━━━━━ 244.7/244.7 MB 9.1 MB/s eta 0:00:00
Downloading nvidia_cusparse-12.8.2.51-py3-none-manylinux2014_x86_64.manylinux_2_17_x86_64.whl (154.5 MB)
   ━━━━━━━━━━━━━━━━━━━━━━━━━━━━━━━━━━━━━━━━ 154.5/154.5 MB 20.0 MB/s eta 0:00:00
Downloading nvidia_libnvcomp_cu13-5.3.0.16-py3-none-manylinux_2_27_x86_64.manylinux_2_28_x86_64.whl (28.5 MB)
   ━━━━━━━━━━━━━━━━━━━━━━━━━━━━━━━━━━━━━━━━ 28.5/28.5 MB 57.2 MB/s eta 0:00:00
Downloading nvidia_nvjitlink-13.3.33-py3-none-manylinux2010_x86_64.manylinux_2_12_x86_64.whl (40.7 MB)
   ━━━━━━━━━━━━━━━━━━━━━━━━━━━━━━━━━━━━━━━━ 40.7/40.7 MB 66.3 MB/s eta 0:00:00
Downloading nvidia_nvvm-13.3.73-py3-none-manylinux2010_x86_64.manylinux_2_12_x86_64.whl (69.3 MB)
   ━━━━━━━━━━━━━━━━━━━━━━━━━━━━━━━━━━━━━━━━ 69.3/69.3 MB 48.6 MB/s eta 0:00:00
Downloading nvtx-0.2.16-cp312-cp312-manylinux2014_x86_64.manylinux_2_17_x86_64.manylinux_2_28_x86_64.whl (2.8 MB)
   ━━━━━━━━━━━━━━━━━━━━━━━━━━━━━━━━━━━━━━━━ 2.8/2.8 MB 85.7 MB/s eta 0:00:00
Downloading packaging-26.3-py3-none-any.whl (129 kB)
   ━━━━━━━━━━━━━━━━━━━━━━━━━━━━━━━━━━━━━━━━ 130.0/130.0 kB 21.2 MB/s eta 0:00:00
Downloading pandas-3.0.3-cp312-cp312-manylinux_2_24_x86_64.manylinux_2_28_x86_64.whl (10.9 MB)
   ━━━━━━━━━━━━━━━━━━━━━━━━━━━━━━━━━━━━━━━━ 10.9/10.9 MB 126.3 MB/s eta 0:00:00
Downloading pyarrow-23.0.1-cp312-cp312-manylinux_2_28_x86_64.whl (47.6 MB)
   ━━━━━━━━━━━━━━━━━━━━━━━━━━━━━━━━━━━━━━━━ 47.6/47.6 MB 45.6 MB/s eta 0:00:00
Downloading pygments-2.21.0-py3-none-any.whl (1.3 MB)
   ━━━━━━━━━━━━━━━━━━━━━━━━━━━━━━━━━━━━━━━━ 1.3/1.3 MB 23.8 MB/s eta 0:00:00
Downloading pylibcudf_cu13-26.8.1-cp311-abi3-manylinux_2_24_x86_64.manylinux_2_28_x86_64.whl (7.8 MB)
   ━━━━━━━━━━━━━━━━━━━━━━━━━━━━━━━━━━━━━━━━ 7.8/7.8 MB 126.7 MB/s eta 0:00:00
Downloading python_dateutil-2.9.0.post0-py2.py3-none-any.whl (229 kB)
   ━━━━━━━━━━━━━━━━━━━━━━━━━━━━━━━━━━━━━━━━ 229.9/229.9 kB 28.5 MB/s eta 0:00:00
Downloading rapids_logger-0.2.3-py3-none-manylinux_2_27_x86_64.manylinux_2_28_x86_64.whl (202 kB)
   ━━━━━━━━━━━━━━━━━━━━━━━━━━━━━━━━━━━━━━━━ 202.0/202.0 kB 28.8 MB/s eta 0:00:00
Downloading rich-15.0.0-py3-none-any.whl (310 kB)
   ━━━━━━━━━━━━━━━━━━━━━━━━━━━━━━━━━━━━━━━━ 310.7/310.7 kB 44.7 MB/s eta 0:00:00
Downloading rmm_cu13-26.8.0-cp311-abi3-manylinux_2_24_x86_64.manylinux_2_28_x86_64.whl (737 kB)
   ━━━━━━━━━━━━━━━━━━━━━━━━━━━━━━━━━━━━━━━━ 737.2/737.2 kB 72.8 MB/s eta 0:00:00
Downloading six-1.17.0-py2.py3-none-any.whl (11 kB)
Installing collected packages: nvidia-libnvcomp-cu13, cuda-toolkit, six, rapids-logger, Pygments, pyarrow, packaging, nvtx, nvidia-nvvm, nvidia-nvjitlink, nvidia-curand, nvidia-cufile, nvidia-cuda-runtime, nvidia-cuda-nvrtc, nvidia-cuda-crt, nvidia-cuda-cccl, numpy, mdurl, llvmlite, fsspec, cuda-pathfinder, cachetools, python-dateutil, nvidia-cusparse, nvidia-cufft, nvidia-cuda-nvcc, nvidia-cublas, numba, markdown-it-py, librmm-cu13, cupy-cuda13x, cuda-core, cuda-bindings, rmm-cu13, rich, pandas, nvidia-cusolver, numba_cuda_mlir, numba-cuda, libkvikio-cu13, libcudf-cu13, pylibcudf-cu13, kvikio-cu13, cudf-cu13
Successfully installed Pygments-2.21.0 cachetools-7.1.8 cuda-bindings-13.3.1 cuda-core-1.2.0 cuda-pathfinder-1.8.1 cuda-toolkit-13.3.1 cudf-cu13-26.8.1 cupy-cuda13x-14.2.0 fsspec-2026.7.0 kvikio-cu13-26.8.0 libcudf-cu13-26.8.1 libkvikio-cu13-26.8.0 librmm-cu13-26.8.0 llvmlite-0.46.0 markdown-it-py-4.2.0 mdurl-0.1.2 numba-0.64.0 numba-cuda-0.30.4 numba_cuda_mlir-0.5.1 numpy-2.4.6 nvidia-cublas-13.6.0.2 nvidia-cuda-cccl-13.3.3.4.1 nvidia-cuda-crt-13.3.73 nvidia-cuda-nvcc-13.3.73 nvidia-cuda-nvrtc-13.3.33 nvidia-cuda-runtime-13.3.29 nvidia-cufft-12.3.0.29 nvidia-cufile-1.18.1.6 nvidia-curand-10.4.3.29 nvidia-cusolver-12.2.6.9 nvidia-cusparse-12.8.2.51 nvidia-libnvcomp-cu13-5.3.0.16 nvidia-nvjitlink-13.3.33 nvidia-nvvm-13.3.73 nvtx-0.2.16 packaging-26.3 pandas-3.0.3 pyarrow-23.0.1 pylibcudf-cu13-26.8.1 python-dateutil-2.9.0.post0 rapids-logger-0.2.3 rich-15.0.0 rmm-cu13-26.8.0 six-1.17.0
