{"case": "cpu-zstd-4disk-cold-scan", "status": "start"}
{"case": "cpu-zstd-4disk-cold-scan", "status": "done"}
{"case": "gpu-zstd-4disk-warm-scan", "status": "start"}
{"case": "gpu-zstd-4disk-warm-scan", "status": "done"}
{"case": "cpu-none-2disk-cold-scan", "status": "start"}
{"case": "cpu-none-2disk-cold-scan", "status": "done"}
{"case": "gpu-snappy-1disk-cold-scan", "status": "start"}
{"case": "gpu-snappy-1disk-cold-scan", "status": "done"}
{"case": "cpu-snappy-4disk-cold-scan", "status": "start"}
{"case": "cpu-snappy-4disk-cold-scan", "status": "done"}
{"case": "gpu-none-4disk-cold-scan", "status": "start"}
{"case": "gpu-none-4disk-cold-scan", "status": "done"}
{"case": "gpu-zstd-2disk-cold-sum", "status": "start"}
{"case": "gpu-zstd-2disk-cold-sum", "status": "done"}
{"case": "cpu-zstd-2disk-cold-scan", "status": "start"}
{"case": "cpu-zstd-2disk-cold-scan", "status": "done"}
{"case": "cpu-snappy-4disk-warm-scan", "status": "start"}
{"case": "cpu-snappy-4disk-warm-scan", "status": "done"}
{"case": "gpu-snappy-2disk-cold-scan", "status": "start"}
{"case": "gpu-snappy-2disk-cold-scan", "status": "done"}
{"case": "gpu-zstd-4disk-cold-scan", "status": "start"}
{"case": "gpu-zstd-4disk-cold-scan", "status": "done"}
{"case": "gpu-zstd-4disk-cold-sum", "status": "start"}
{"case": "gpu-zstd-4disk-cold-sum", "status": "done"}
{"case": "gpu-snappy-4disk-cold-scan", "status": "start"}
{"case": "gpu-snappy-4disk-cold-scan", "status": "done"}
{"case": "gpu-none-1disk-cold-scan", "status": "start"}
{"case": "gpu-none-1disk-cold-scan", "status": "done"}
{"case": "gpu-snappy-2disk-cold-sum", "status": "start"}
{"case": "gpu-snappy-2disk-cold-sum", "status": "done"}
{"case": "cpu-snappy-2disk-cold-sum", "status": "start"}
{"case": "cpu-snappy-2disk-cold-sum", "status": "done"}
{"case": "cpu-none-4disk-cold-scan", "status": "start"}
{"case": "cpu-none-4disk-cold-scan", "status": "done"}
{"case": "cpu-zstd-1disk-cold-scan", "status": "start"}
{"case": "cpu-zstd-1disk-cold-scan", "status": "done"}
{"case": "gpu-none-4disk-warm-scan", "status": "start"}
{"case": "gpu-none-4disk-warm-scan", "status": "done"}
{"case": "cpu-snappy-4disk-cold-sum", "status": "start"}
{"case": "cpu-snappy-4disk-cold-sum", "status": "done"}
{"case": "gpu-snappy-4disk-cold-sum", "status": "start"}
{"case": "gpu-snappy-4disk-cold-sum", "status": "done"}
{"case": "cpu-none-1disk-cold-scan", "status": "start"}
{"case": "cpu-none-1disk-cold-scan", "status": "done"}
{"case": "cpu-zstd-4disk-cold-sum", "status": "start"}
{"case": "cpu-zstd-4disk-cold-sum", "status": "done"}
{"case": "cpu-none-4disk-warm-scan", "status": "start"}
{"case": "cpu-none-4disk-warm-scan", "status": "done"}
{"case": "cpu-zstd-2disk-cold-sum", "status": "start"}
{"case": "cpu-zstd-2disk-cold-sum", "status": "done"}
{"case": "cpu-zstd-4disk-warm-scan", "status": "start"}
{"case": "cpu-zstd-4disk-warm-scan", "status": "done"}
{"case": "gpu-zstd-2disk-cold-scan", "status": "start"}
{"case": "gpu-zstd-2disk-cold-scan", "status": "done"}
{"case": "gpu-snappy-4disk-warm-scan", "status": "start"}
{"case": "gpu-snappy-4disk-warm-scan", "status": "done"}
{"case": "gpu-zstd-1disk-cold-scan", "status": "start"}
{"case": "gpu-zstd-1disk-cold-scan", "status": "done"}
{"case": "cpu-snappy-1disk-cold-scan", "status": "start"}
{"case": "cpu-snappy-1disk-cold-scan", "status": "done"}
{"case": "cpu-snappy-2disk-cold-scan", "status": "start"}
{"case": "cpu-snappy-2disk-cold-scan", "status": "done"}
{"case": "gpu-none-2disk-cold-scan", "status": "start"}
{"case": "gpu-none-2disk-cold-scan", "status": "done"}
